[
  {
    "name": "upper",
    "password": "possword", 
    "role":"user"
  },
  {
    "name": "upper",
    "password": "p@ssword", 
    "role":"user"
  },
  {
    "name": "upper",
    "password": "possw0rd", 
    "role":"user"
  },
  {
    "name": "upper",
    "password": "p@ssw0rd", 
    "role":"user"
  }
]