[
  {
    "name": "num",
    "password": "Passwor", 
    "role":"user"
  },
  {
    "name": "num",
    "password": "P@sswor", 
    "role":"user"
  },
  {
    "name": "symbpl",
    "password": "Possw0r", 
    "role":"user"
  },
  {
    "name": "upper",
    "password": "posswor", 
    "role":"user"
  },
  {
    "name": "upper",
    "password": "p@sswor", 
    "role":"user"
  },
  {
    "name": "upper",
    "password": "possw0r", 
    "role":"user"
  },
  {
    "name": "upper",
    "password": "p@ssw0r", 
    "role":"user"
  }
]